#options: 1366x768 fps=24/1 timebase=1/24 bitdepth=8 cabac=1 ref=1 deblock=1:0:0 analyse=0x1:0 me=dia subme=2 psy=1 psy_rd=1.00:0.00 mixed_ref=0 me_range=16 chroma_me=1 trellis=0 8x8dct=0 cqm=0 deadzone=21,11 fast_pskip=1 chroma_qp_offset=0 threads=12 lookahead_threads=4 sliced_threads=0 nr=0 decimate=1 interlaced=0 bluray_compat=0 constrained_intra=0 bframes=3 b_pyramid=2 b_adapt=1 b_bias=0 direct=3 weightb=1 open_gop=0 weightp=2 keyint=250 keyint_min=24 scenecut=40 intra_refresh=0 rc_lookahead=50 rc=abr mbtree=1 bitrate=590 ratetol=1.0 qcomp=0.60 qpmin=0 qpmax=69 qpstep=4 ip_ratio=1.40 aq=1:1.00
in:0 out:0 type:I dur:2 cpbdur:2 q:38.43 aq:34.05 tex:232172 mv:75408 misc:6084 imb:4128 pmb:0 smb:0 d:- ref:;
in:4 out:1 type:P dur:2 cpbdur:2 q:40.70 aq:36.09 tex:42697 mv:18815 misc:2688 imb:843 pmb:1522 smb:1763 d:- ref:0 w:6,65,1,6,65,-1,64,0 ;
in:2 out:2 type:B dur:2 cpbdur:2 q:40.70 aq:40.31 tex:12256 mv:6708 misc:1692 imb:164 pmb:624 smb:3340 d:s ref:0 ;
in:1 out:3 type:b dur:2 cpbdur:2 q:40.70 aq:42.40 tex:6835 mv:4929 misc:1444 imb:120 pmb:445 smb:3563 d:s ref:0 ;
in:3 out:4 type:b dur:2 cpbdur:2 q:40.70 aq:40.73 tex:6673 mv:4785 misc:1454 imb:106 pmb:407 smb:3615 d:- ref:0 ;
in:8 out:5 type:P dur:2 cpbdur:2 q:41.14 aq:36.86 tex:37714 mv:18013 misc:3049 imb:811 pmb:1617 smb:1700 d:- ref:0 w:6,63,2 ;
in:6 out:6 type:B dur:2 cpbdur:2 q:40.92 aq:40.74 tex:7837 mv:6611 misc:1952 imb:101 pmb:701 smb:3326 d:s ref:0 ;
in:5 out:7 type:b dur:2 cpbdur:2 q:40.81 aq:40.09 tex:5111 mv:5181 misc:1796 imb:92 pmb:608 smb:3428 d:s ref:0 ;
in:7 out:8 type:b dur:2 cpbdur:2 q:41.03 aq:39.74 tex:4771 mv:3788 misc:1425 imb:62 pmb:357 smb:3709 d:- ref:0 ;
in:12 out:9 type:P dur:2 cpbdur:2 q:41.41 aq:37.26 tex:44874 mv:18947 misc:3107 imb:1021 pmb:1710 smb:1397 d:- ref:0 ;
in:10 out:10 type:B dur:2 cpbdur:2 q:41.27 aq:40.15 tex:10523 mv:6932 misc:2073 imb:128 pmb:776 smb:3224 d:s ref:0 ;
in:9 out:11 type:b dur:2 cpbdur:2 q:41.21 aq:40.28 tex:6110 mv:3958 misc:1780 imb:55 pmb:562 smb:3511 d:s ref:0 ;
in:11 out:12 type:b dur:2 cpbdur:2 q:41.34 aq:42.04 tex:5635 mv:3978 misc:1731 imb:89 pmb:454 smb:3585 d:- ref:0 ;
in:16 out:13 type:P dur:2 cpbdur:2 q:49.41 aq:45.71 tex:13513 mv:9544 misc:2527 imb:849 pmb:925 smb:2354 d:s ref:0 w:0,1,2,5,35,-8,32,-4 ;
in:14 out:14 type:B dur:2 cpbdur:2 q:45.41 aq:44.25 tex:5705 mv:4834 misc:1869 imb:121 pmb:500 smb:3507 d:t ref:0 ;
in:13 out:15 type:b dur:2 cpbdur:2 q:43.41 aq:44.90 tex:4879 mv:3488 misc:1689 imb:94 pmb:419 smb:3615 d:s ref:0 ;
in:15 out:16 type:b dur:2 cpbdur:2 q:47.41 aq:46.56 tex:2342 mv:1669 misc:1301 imb:45 pmb:258 smb:3825 d:- ref:0 ;
in:20 out:17 type:P dur:2 cpbdur:2 q:51.02 aq:45.79 tex:13993 mv:11370 misc:2077 imb:1694 pmb:897 smb:1537 d:s ref:0 ;
in:18 out:18 type:B dur:2 cpbdur:2 q:50.22 aq:49.00 tex:2538 mv:1998 misc:1208 imb:48 pmb:230 smb:3850 d:t ref:0 ;
in:17 out:19 type:b dur:2 cpbdur:2 q:49.81 aq:47.65 tex:2086 mv:1219 misc:903 imb:68 pmb:135 smb:3925 d:s ref:0 ;
in:19 out:20 type:b dur:2 cpbdur:2 q:50.62 aq:47.12 tex:1665 mv:882 misc:909 imb:41 pmb:141 smb:3946 d:- ref:0 ;
in:24 out:21 type:P dur:2 cpbdur:2 q:48.45 aq:43.31 tex:17265 mv:11706 misc:3301 imb:1075 pmb:925 smb:2128 d:s ref:0 w:7,127,2,6,69,-10,73,-20 ;
in:22 out:22 type:B dur:2 cpbdur:2 q:49.73 aq:44.90 tex:2879 mv:1922 misc:1503 imb:60 pmb:334 smb:3734 d:t ref:0 ;
in:21 out:23 type:b dur:2 cpbdur:2 q:50.38 aq:47.17 tex:2276 mv:1028 misc:1296 imb:44 pmb:217 smb:3867 d:s ref:0 ;
in:23 out:24 type:b dur:2 cpbdur:2 q:49.09 aq:48.03 tex:2105 mv:1015 misc:872 imb:37 pmb:151 smb:3940 d:- ref:0 ;
in:28 out:25 type:P dur:2 cpbdur:2 q:46.84 aq:42.08 tex:21641 mv:11775 misc:3504 imb:1073 pmb:981 smb:2074 d:s ref:0 w:0,1,2,5,32,-1,33,-3 ;
in:26 out:26 type:B dur:2 cpbdur:2 q:47.65 aq:43.42 tex:3125 mv:2108 misc:1215 imb:76 pmb:230 smb:3822 d:t ref:0 ;
in:25 out:27 type:b dur:2 cpbdur:2 q:48.05 aq:45.38 tex:1788 mv:832 misc:724 imb:20 pmb:150 smb:3958 d:s ref:0 ;
in:27 out:28 type:b dur:2 cpbdur:2 q:47.24 aq:44.22 tex:1961 mv:944 misc:679 imb:35 pmb:162 smb:3931 d:- ref:0 ;
in:32 out:29 type:P dur:2 cpbdur:2 q:46.05 aq:41.18 tex:23961 mv:11824 misc:3535 imb:879 pmb:1084 smb:2165 d:s ref:0 ;
in:30 out:30 type:B dur:2 cpbdur:2 q:46.45 aq:43.66 tex:3197 mv:2435 misc:1264 imb:65 pmb:268 smb:3795 d:t ref:0 ;
in:29 out:31 type:b dur:2 cpbdur:2 q:46.64 aq:43.07 tex:2147 mv:1288 misc:701 imb:55 pmb:144 smb:3929 d:s ref:0 ;
in:31 out:32 type:b dur:2 cpbdur:2 q:46.25 aq:44.69 tex:1960 mv:1557 misc:715 imb:61 pmb:146 smb:3921 d:- ref:0 ;
in:36 out:33 type:P dur:2 cpbdur:2 q:45.38 aq:40.63 tex:25706 mv:13313 misc:3373 imb:1213 pmb:1072 smb:1843 d:s ref:0 ;
in:34 out:34 type:B dur:2 cpbdur:2 q:45.72 aq:43.82 tex:4839 mv:2938 misc:1143 imb:120 pmb:273 smb:3735 d:s ref:0 ;
in:33 out:35 type:b dur:2 cpbdur:2 q:45.88 aq:43.59 tex:2385 mv:1940 misc:763 imb:87 pmb:176 smb:3865 d:s ref:0 ;
in:35 out:36 type:b dur:2 cpbdur:2 q:45.55 aq:45.02 tex:3155 mv:2497 misc:908 imb:100 pmb:225 smb:3803 d:- ref:0 ;
in:40 out:37 type:P dur:2 cpbdur:2 q:44.81 aq:39.75 tex:37430 mv:15792 misc:2818 imb:1625 pmb:1376 smb:1127 d:s ref:0 ;
in:38 out:38 type:B dur:2 cpbdur:2 q:45.10 aq:42.05 tex:4713 mv:3547 misc:1388 imb:147 pmb:303 smb:3678 d:s ref:0 ;
in:37 out:39 type:b dur:2 cpbdur:2 q:45.24 aq:43.04 tex:2866 mv:1544 misc:862 imb:47 pmb:205 smb:3876 d:s ref:0 ;
in:39 out:40 type:b dur:2 cpbdur:2 q:44.95 aq:42.72 tex:3554 mv:2421 misc:1033 imb:97 pmb:262 smb:3769 d:- ref:0 ;
in:44 out:41 type:P dur:2 cpbdur:2 q:44.26 aq:39.48 tex:32370 mv:12457 misc:3517 imb:835 pmb:1148 smb:2145 d:s ref:0 w:6,65,-1,6,67,-6,68,-9 ;
in:42 out:42 type:B dur:2 cpbdur:2 q:44.53 aq:41.96 tex:4628 mv:3529 misc:1443 imb:150 pmb:319 smb:3659 d:s ref:0 ;
in:41 out:43 type:b dur:2 cpbdur:2 q:44.67 aq:43.01 tex:3869 mv:2129 misc:978 imb:101 pmb:240 smb:3787 d:s ref:0 ;
in:43 out:44 type:b dur:2 cpbdur:2 q:44.39 aq:40.77 tex:4565 mv:2227 misc:968 imb:77 pmb:252 smb:3799 d:- ref:0 ;
in:48 out:45 type:P dur:2 cpbdur:2 q:43.77 aq:38.63 tex:34994 mv:13866 misc:3548 imb:1089 pmb:1267 smb:1772 d:s ref:0 w:6,65,0,6,64,0,65,-3 ;
in:46 out:46 type:B dur:2 cpbdur:2 q:44.01 aq:41.23 tex:6874 mv:3811 misc:1499 imb:102 pmb:383 smb:3643 d:t ref:0 ;
in:45 out:47 type:b dur:2 cpbdur:2 q:44.14 aq:41.62 tex:4773 mv:2647 misc:908 imb:106 pmb:224 smb:3798 d:s ref:0 ;
in:47 out:48 type:b dur:2 cpbdur:2 q:43.89 aq:41.07 tex:4053 mv:2400 misc:923 imb:94 pmb:227 smb:3807 d:- ref:0 ;
in:52 out:49 type:P dur:2 cpbdur:2 q:43.61 aq:38.60 tex:28967 mv:12536 misc:3769 imb:897 pmb:1150 smb:2081 d:s ref:0 w:6,65,2,0,1,1,1,-1 ;
in:50 out:50 type:B dur:2 cpbdur:2 q:43.69 aq:40.52 tex:4439 mv:3140 misc:1301 imb:99 pmb:300 smb:3729 d:t ref:0 ;
in:49 out:51 type:b dur:2 cpbdur:2 q:43.73 aq:41.37 tex:3242 mv:1647 misc:799 imb:48 pmb:197 smb:3883 d:s ref:0 ;
in:51 out:52 type:b dur:2 cpbdur:2 q:43.65 aq:39.44 tex:4625 mv:2354 misc:941 imb:68 pmb:265 smb:3795 d:- ref:0 ;
in:56 out:53 type:P dur:2 cpbdur:2 q:43.36 aq:38.46 tex:26523 mv:12318 misc:3815 imb:990 pmb:1059 smb:2079 d:s ref:0 w:6,65,1,7,125,4,125,2 ;
in:54 out:54 type:B dur:2 cpbdur:2 q:43.49 aq:41.04 tex:5264 mv:3315 misc:1445 imb:77 pmb:364 smb:3687 d:t ref:0 ;
in:53 out:55 type:b dur:2 cpbdur:2 q:43.55 aq:39.39 tex:5122 mv:2502 misc:880 imb:89 pmb:237 smb:3802 d:s ref:0 ;
in:55 out:56 type:b dur:2 cpbdur:2 q:43.42 aq:39.71 tex:3411 mv:1937 misc:868 imb:59 pmb:202 smb:3867 d:- ref:0 ;
in:60 out:57 type:P dur:2 cpbdur:2 q:43.12 aq:38.23 tex:30825 mv:13348 misc:3555 imb:912 pmb:1351 smb:1865 d:s ref:0 w:6,65,1,5,32,0,31,2 ;
in:58 out:58 type:B dur:2 cpbdur:2 q:43.24 aq:38.29 tex:8088 mv:3701 misc:1395 imb:134 pmb:352 smb:3642 d:t ref:0 ;
in:57 out:59 type:b dur:2 cpbdur:2 q:43.30 aq:39.95 tex:3938 mv:2416 misc:1030 imb:78 pmb:262 smb:3788 d:s ref:0 ;
in:59 out:60 type:b dur:2 cpbdur:2 q:43.18 aq:39.11 tex:3885 mv:2308 misc:1055 imb:77 pmb:266 smb:3785 d:- ref:0 ;
in:64 out:61 type:P dur:2 cpbdur:2 q:42.89 aq:38.61 tex:22758 mv:11703 misc:3779 imb:818 pmb:1084 smb:2226 d:s ref:0 w:6,65,0,7,125,4,124,2 ;
in:62 out:62 type:B dur:2 cpbdur:2 q:43.00 aq:40.99 tex:5797 mv:3200 misc:1379 imb:89 pmb:325 smb:3714 d:t ref:0 ;
in:61 out:63 type:b dur:2 cpbdur:2 q:43.06 aq:38.51 tex:3654 mv:1900 misc:870 imb:57 pmb:199 smb:3872 d:s ref:0 ;
in:63 out:64 type:b dur:2 cpbdur:2 q:42.94 aq:38.74 tex:3875 mv:1817 misc:940 imb:52 pmb:219 smb:3857 d:- ref:0 ;
in:68 out:65 type:P dur:2 cpbdur:2 q:42.48 aq:38.87 tex:21157 mv:10797 misc:3646 imb:732 pmb:972 smb:2424 d:s ref:0 w:6,65,-1,7,126,3,125,2 ;
in:66 out:66 type:B dur:2 cpbdur:2 q:42.68 aq:39.10 tex:6249 mv:3989 misc:1554 imb:112 pmb:371 smb:3645 d:t ref:0 ;
in:65 out:67 type:b dur:2 cpbdur:2 q:42.78 aq:38.01 tex:5745 mv:2196 misc:835 imb:79 pmb:239 smb:3810 d:s ref:0 ;
in:67 out:68 type:b dur:2 cpbdur:2 q:42.58 aq:37.64 tex:5517 mv:2901 misc:934 imb:129 pmb:225 smb:3774 d:- ref:0 ;
in:70 out:69 type:P dur:2 cpbdur:2 q:42.21 aq:37.34 tex:19020 mv:10156 misc:3336 imb:1171 pmb:693 smb:2264 d:s ref:0 w:6,61,6,7,119,9,118,9 ;
in:69 out:70 type:b dur:2 cpbdur:2 q:42.35 aq:39.24 tex:5185 mv:2291 misc:1348 imb:78 pmb:332 smb:3718 d:s ref:0 ;
in:74 out:71 type:P dur:2 cpbdur:2 q:42.13 aq:36.20 tex:300073 mv:23605 misc:378 imb:3649 pmb:479 smb:0 d:s ref:0 ;
in:72 out:72 type:B dur:2 cpbdur:2 q:42.17 aq:38.00 tex:5064 mv:2067 misc:1005 imb:32 pmb:265 smb:3831 d:s ref:0 ;
in:71 out:73 type:b dur:2 cpbdur:2 q:42.19 aq:37.22 tex:4346 mv:1821 misc:801 imb:47 pmb:237 smb:3844 d:s ref:0 ;
in:73 out:74 type:b dur:2 cpbdur:2 q:42.15 aq:37.78 tex:2355 mv:940 misc:737 imb:32 pmb:157 smb:3939 d:- ref:0 ;
in:75 out:75 type:P dur:2 cpbdur:2 q:43.09 aq:35.75 tex:83981 mv:12883 misc:2960 imb:476 pmb:2172 smb:1480 d:s ref:0 w:6,73,-13,7,82,46,81,47 ;
in:76 out:76 type:P dur:2 cpbdur:2 q:43.23 aq:35.21 tex:128380 mv:14814 misc:2062 imb:1043 pmb:2408 smb:677 d:s ref:0 w:5,37,-15,4,7,72,7,72 ;
in:77 out:77 type:P dur:2 cpbdur:2 q:43.42 aq:34.72 tex:92555 mv:10481 misc:2596 imb:338 pmb:2507 smb:1283 d:s ref:0 w:6,71,-10,7,23,105,13,115 ;
in:80 out:78 type:P dur:2 cpbdur:2 q:43.43 aq:34.92 tex:13575 mv:1740 misc:2821 imb:16 pmb:713 smb:3399 d:s ref:0 ;
in:78 out:79 type:B dur:2 cpbdur:2 q:43.42 aq:38.00 tex:0 mv:0 misc:264 imb:0 pmb:0 smb:4128 d:s ref:0 ;
in:79 out:80 type:b dur:2 cpbdur:2 q:43.43 aq:39.00 tex:0 mv:0 misc:248 imb:0 pmb:0 smb:4128 d:- ref:0 ;
in:81 out:81 type:P dur:2 cpbdur:2 q:43.07 aq:34.98 tex:17031 mv:1677 misc:3012 imb:12 pmb:793 smb:3323 d:s ref:0 ;
in:83 out:82 type:P dur:2 cpbdur:2 q:42.91 aq:34.45 tex:19333 mv:1960 misc:3187 imb:26 pmb:869 smb:3233 d:s ref:0 ;
in:82 out:83 type:b dur:2 cpbdur:2 q:42.99 aq:38.00 tex:0 mv:0 misc:248 imb:0 pmb:0 smb:4128 d:s ref:0 ;
in:85 out:84 type:P dur:2 cpbdur:2 q:44.14 aq:33.31 tex:613 mv:157 misc:558 imb:0 pmb:46 smb:4082 d:s ref:0 ;
in:84 out:85 type:b dur:2 cpbdur:2 q:43.52 aq:39.00 tex:0 mv:0 misc:248 imb:0 pmb:0 smb:4128 d:s ref:0 ;
in:89 out:86 type:P dur:2 cpbdur:2 q:43.63 aq:34.54 tex:1886 mv:361 misc:945 imb:3 pmb:120 smb:4005 d:s ref:0 ;
in:87 out:87 type:B dur:2 cpbdur:2 q:43.88 aq:37.00 tex:0 mv:0 misc:264 imb:0 pmb:0 smb:4128 d:s ref:0 ;
in:86 out:88 type:b dur:2 cpbdur:2 q:44.01 aq:39.00 tex:0 mv:0 misc:248 imb:0 pmb:0 smb:4128 d:s ref:0 ;
in:88 out:89 type:b dur:2 cpbdur:2 q:43.76 aq:39.00 tex:0 mv:0 misc:248 imb:0 pmb:0 smb:4128 d:- ref:0 ;
in:91 out:90 type:P dur:2 cpbdur:2 q:45.03 aq:34.10 tex:115 mv:45 misc:352 imb:0 pmb:10 smb:4118 d:s ref:0 ;
in:90 out:91 type:b dur:2 cpbdur:2 q:44.33 aq:40.00 tex:0 mv:0 misc:248 imb:0 pmb:0 smb:4128 d:s ref:0 ;
in:94 out:92 type:P dur:2 cpbdur:2 q:44.72 aq:35.70 tex:336 mv:84 misc:444 imb:0 pmb:26 smb:4102 d:s ref:0 ;
in:92 out:93 type:B dur:2 cpbdur:2 q:44.92 aq:39.00 tex:0 mv:0 misc:264 imb:0 pmb:0 smb:4128 d:s ref:0 ;
in:93 out:94 type:b dur:2 cpbdur:2 q:44.82 aq:40.00 tex:0 mv:0 misc:248 imb:0 pmb:0 smb:4128 d:- ref:0 ;
in:96 out:95 type:P dur:2 cpbdur:2 q:44.44 aq:34.96 tex:338 mv:95 misc:439 imb:4 pmb:20 smb:4104 d:s ref:0 ;
in:95 out:96 type:b dur:2 cpbdur:2 q:44.58 aq:40.00 tex:0 mv:0 misc:248 imb:0 pmb:0 smb:4128 d:s ref:0 ;
in:98 out:97 type:P dur:2 cpbdur:2 q:44.04 aq:35.95 tex:557 mv:122 misc:529 imb:0 pmb:41 smb:4087 d:s ref:0 ;
in:97 out:98 type:b dur:2 cpbdur:2 q:44.24 aq:39.00 tex:0 mv:0 misc:248 imb:0 pmb:0 smb:4128 d:s ref:0 ;
in:99 out:99 type:P dur:2 cpbdur:2 q:43.62 aq:33.77 tex:2044 mv:344 misc:980 imb:5 pmb:119 smb:4004 d:s ref:0 ;
in:101 out:100 type:P dur:2 cpbdur:2 q:43.42 aq:35.25 tex:2121 mv:274 misc:957 imb:0 pmb:119 smb:4009 d:s ref:0 ;
in:100 out:101 type:b dur:2 cpbdur:2 q:43.52 aq:39.00 tex:0 mv:0 misc:248 imb:0 pmb:0 smb:4128 d:s ref:0 ;
in:105 out:102 type:P dur:2 cpbdur:2 q:42.99 aq:35.39 tex:3371 mv:338 misc:1163 imb:1 pmb:177 smb:3950 d:s ref:0 ;
in:103 out:103 type:B dur:2 cpbdur:2 q:43.21 aq:37.00 tex:0 mv:0 misc:264 imb:0 pmb:0 smb:4128 d:s ref:0 ;
in:102 out:104 type:b dur:2 cpbdur:2 q:43.31 aq:39.00 tex:0 mv:0 misc:248 imb:0 pmb:0 smb:4128 d:s ref:0 ;
in:104 out:105 type:b dur:2 cpbdur:2 q:43.10 aq:38.00 tex:0 mv:0 misc:248 imb:0 pmb:0 smb:4128 d:- ref:0 ;
in:108 out:106 type:P dur:2 cpbdur:2 q:42.30 aq:34.54 tex:8064 mv:786 misc:1974 imb:8 pmb:372 smb:3748 d:s ref:0 ;
in:106 out:107 type:B dur:2 cpbdur:2 q:42.76 aq:37.00 tex:0 mv:0 misc:264 imb:0 pmb:0 smb:4128 d:s ref:0 ;
in:107 out:108 type:b dur:2 cpbdur:2 q:42.53 aq:38.00 tex:0 mv:0 misc:248 imb:0 pmb:0 smb:4128 d:- ref:0 ;
in:109 out:109 type:P dur:2 cpbdur:2 q:41.73 aq:33.54 tex:14419 mv:1271 misc:2726 imb:24 pmb:637 smb:3467 d:s ref:0 ;
in:113 out:110 type:P dur:2 cpbdur:2 q:41.58 aq:34.30 tex:7242 mv:613 misc:1849 imb:2 pmb:343 smb:3783 d:s ref:0 ;
in:111 out:111 type:B dur:2 cpbdur:2 q:41.66 aq:35.00 tex:0 mv:0 misc:264 imb:0 pmb:0 smb:4128 d:s ref:0 ;
in:110 out:112 type:b dur:2 cpbdur:2 q:41.70 aq:37.00 tex:0 mv:0 misc:248 imb:0 pmb:0 smb:4128 d:s ref:0 ;
in:112 out:113 type:b dur:2 cpbdur:2 q:41.62 aq:37.00 tex:0 mv:0 misc:248 imb:0 pmb:0 smb:4128 d:- ref:0 ;
in:117 out:114 type:P dur:2 cpbdur:2 q:40.94 aq:34.53 tex:6356 mv:530 misc:1658 imb:5 pmb:282 smb:3841 d:s ref:0 ;
in:115 out:115 type:B dur:2 cpbdur:2 q:41.26 aq:35.00 tex:0 mv:0 misc:264 imb:0 pmb:0 smb:4128 d:s ref:0 ;
in:114 out:116 type:b dur:2 cpbdur:2 q:41.42 aq:37.00 tex:0 mv:0 misc:248 imb:0 pmb:0 smb:4128 d:s ref:0 ;
in:116 out:117 type:b dur:2 cpbdur:2 q:41.10 aq:36.00 tex:0 mv:0 misc:248 imb:0 pmb:0 smb:4128 d:- ref:0 ;
in:118 out:118 type:P dur:2 cpbdur:2 q:40.24 aq:32.79 tex:24353 mv:1916 misc:3427 imb:44 pmb:985 smb:3099 d:s ref:0 ;
in:120 out:119 type:P dur:2 cpbdur:2 q:40.11 aq:33.57 tex:10191 mv:724 misc:2157 imb:6 pmb:442 smb:3680 d:s ref:0 ;
in:119 out:120 type:b dur:2 cpbdur:2 q:40.17 aq:35.00 tex:0 mv:0 misc:248 imb:0 pmb:0 smb:4128 d:s ref:0 ;
in:124 out:121 type:P dur:2 cpbdur:2 q:39.92 aq:32.99 tex:3297 mv:392 misc:1167 imb:6 pmb:168 smb:3954 d:s ref:0 ;
in:122 out:122 type:B dur:2 cpbdur:2 q:40.01 aq:33.00 tex:0 mv:0 misc:256 imb:0 pmb:0 smb:4128 d:s ref:0 ;
in:121 out:123 type:b dur:2 cpbdur:2 q:40.06 aq:35.00 tex:0 mv:0 misc:248 imb:0 pmb:0 smb:4128 d:s ref:0 ;
in:123 out:124 type:b dur:2 cpbdur:2 q:39.96 aq:35.00 tex:0 mv:0 misc:248 imb:0 pmb:0 smb:4128 d:- ref:0 ;
in:127 out:125 type:P dur:2 cpbdur:2 q:39.32 aq:32.19 tex:3138 mv:327 misc:1143 imb:2 pmb:162 smb:3964 d:s ref:0 ;
in:125 out:126 type:B dur:2 cpbdur:2 q:39.72 aq:34.00 tex:0 mv:0 misc:264 imb:0 pmb:0 smb:4128 d:s ref:0 ;
in:126 out:127 type:b dur:2 cpbdur:2 q:39.52 aq:35.00 tex:0 mv:0 misc:248 imb:0 pmb:0 smb:4128 d:- ref:0 ;
in:129 out:128 type:P dur:2 cpbdur:2 q:38.90 aq:33.47 tex:3970 mv:353 misc:1285 imb:3 pmb:188 smb:3937 d:s ref:0 ;
in:128 out:129 type:b dur:2 cpbdur:2 q:39.11 aq:34.00 tex:0 mv:0 misc:248 imb:0 pmb:0 smb:4128 d:s ref:0 ;
in:133 out:130 type:P dur:2 cpbdur:2 q:38.80 aq:31.23 tex:244 mv:35 misc:369 imb:0 pmb:14 smb:4114 d:s ref:0 ;
in:131 out:131 type:B dur:2 cpbdur:2 q:38.85 aq:32.00 tex:0 mv:0 misc:256 imb:0 pmb:0 smb:4128 d:s ref:0 ;
in:130 out:132 type:b dur:2 cpbdur:2 q:38.87 aq:34.00 tex:0 mv:0 misc:248 imb:0 pmb:0 smb:4128 d:s ref:0 ;
in:132 out:133 type:b dur:2 cpbdur:2 q:38.83 aq:34.00 tex:0 mv:0 misc:248 imb:0 pmb:0 smb:4128 d:- ref:0 ;
in:137 out:134 type:P dur:2 cpbdur:2 q:38.24 aq:30.00 tex:21 mv:3 misc:272 imb:0 pmb:1 smb:4127 d:s ref:0 ;
in:135 out:135 type:B dur:2 cpbdur:2 q:38.52 aq:32.00 tex:0 mv:0 misc:256 imb:0 pmb:0 smb:4128 d:s ref:0 ;
in:134 out:136 type:b dur:2 cpbdur:2 q:38.66 aq:34.00 tex:0 mv:0 misc:248 imb:0 pmb:0 smb:4128 d:s ref:0 ;
in:136 out:137 type:b dur:2 cpbdur:2 q:38.38 aq:34.00 tex:0 mv:0 misc:248 imb:0 pmb:0 smb:4128 d:- ref:0 ;
in:139 out:138 type:P dur:2 cpbdur:2 q:37.64 aq:32.00 tex:40 mv:9 misc:295 imb:0 pmb:3 smb:4125 d:s ref:0 ;
in:138 out:139 type:b dur:2 cpbdur:2 q:37.94 aq:33.00 tex:0 mv:0 misc:240 imb:0 pmb:0 smb:4128 d:s ref:0 ;
in:143 out:140 type:P dur:2 cpbdur:2 q:37.30 aq:35.82 tex:213619 mv:19119 misc:734 imb:2890 pmb:1180 smb:58 d:s ref:0 w:7,95,25,6,35,57,64,0 ;
in:141 out:141 type:B dur:2 cpbdur:2 q:37.47 aq:35.88 tex:5241 mv:1745 misc:1318 imb:86 pmb:248 smb:3794 d:s ref:0 ;
in:140 out:142 type:b dur:2 cpbdur:2 q:37.56 aq:34.06 tex:191 mv:135 misc:386 imb:4 pmb:21 smb:4103 d:s ref:0 ;
in:142 out:143 type:b dur:2 cpbdur:2 q:37.38 aq:35.74 tex:4813 mv:1539 misc:1144 imb:30 pmb:292 smb:3806 d:- ref:0 ;
in:146 out:144 type:P dur:2 cpbdur:2 q:37.88 aq:33.89 tex:251500 mv:20415 misc:597 imb:3254 pmb:849 smb:25 d:s ref:0 w:6,73,-23 ;
in:144 out:145 type:B dur:2 cpbdur:2 q:37.49 aq:37.57 tex:13148 mv:4359 misc:1501 imb:144 pmb:436 smb:3548 d:s ref:0 ;
in:145 out:146 type:b dur:2 cpbdur:2 q:37.69 aq:37.42 tex:11265 mv:5422 misc:1441 imb:157 pmb:421 smb:3550 d:- ref:0 ;
in:150 out:147 type:P dur:2 cpbdur:2 q:38.59 aq:33.50 tex:57072 mv:18432 misc:3296 imb:1061 pmb:1800 smb:1267 d:s ref:0 w:6,67,-5,6,64,0,15,98 ;
in:148 out:148 type:B dur:2 cpbdur:2 q:38.24 aq:33.35 tex:14363 mv:8521 misc:2388 imb:226 pmb:783 smb:3119 d:s ref:0 ;
in:147 out:149 type:b dur:2 cpbdur:2 q:38.06 aq:32.10 tex:11840 mv:6461 misc:1787 imb:225 pmb:524 smb:3379 d:s ref:0 ;
in:149 out:150 type:b dur:2 cpbdur:2 q:38.42 aq:38.50 tex:10942 mv:5161 misc:1601 imb:139 pmb:483 smb:3506 d:- ref:0 ;
in:154 out:151 type:P dur:2 cpbdur:2 q:38.38 aq:33.89 tex:43628 mv:14488 misc:3468 imb:697 pmb:1476 smb:1955 d:s ref:0 ;
in:152 out:152 type:B dur:2 cpbdur:2 q:38.49 aq:38.06 tex:13127 mv:7073 misc:1960 imb:191 pmb:606 smb:3331 d:t ref:0 ;
in:151 out:153 type:b dur:2 cpbdur:2 q:38.54 aq:37.68 tex:7673 mv:4097 misc:1350 imb:130 pmb:367 smb:3631 d:s ref:0 ;
in:153 out:154 type:b dur:2 cpbdur:2 q:38.44 aq:38.51 tex:9805 mv:5161 misc:1466 imb:146 pmb:462 smb:3520 d:- ref:0 ;
in:158 out:155 type:P dur:2 cpbdur:2 q:38.38 aq:33.94 tex:39834 mv:13115 misc:3355 imb:717 pmb:1232 smb:2179 d:s ref:0 ;
in:156 out:156 type:B dur:2 cpbdur:2 q:38.38 aq:37.04 tex:12317 mv:6743 misc:1916 imb:146 pmb:619 smb:3363 d:t ref:0 ;
in:155 out:157 type:b dur:2 cpbdur:2 q:38.38 aq:36.77 tex:8176 mv:4052 misc:1348 imb:81 pmb:401 smb:3646 d:s ref:0 ;
in:157 out:158 type:b dur:2 cpbdur:2 q:38.38 aq:38.76 tex:12946 mv:5952 misc:1430 imb:198 pmb:465 smb:3465 d:- ref:0 ;
in:162 out:159 type:P dur:2 cpbdur:2 q:38.97 aq:35.06 tex:36104 mv:12448 misc:3208 imb:730 pmb:1080 smb:2318 d:s ref:0 ;
in:160 out:160 type:B dur:2 cpbdur:2 q:38.68 aq:37.32 tex:10576 mv:6467 misc:1829 imb:169 pmb:544 smb:3415 d:s ref:0 ;
in:159 out:161 type:b dur:2 cpbdur:2 q:38.53 aq:39.20 tex:9168 mv:5042 misc:1438 imb:162 pmb:410 smb:3556 d:s ref:0 ;
in:161 out:162 type:b dur:2 cpbdur:2 q:38.83 aq:40.84 tex:8537 mv:5309 misc:1314 imb:126 pmb:451 smb:3551 d:- ref:0 ;
in:166 out:163 type:P dur:2 cpbdur:2 q:39.13 aq:35.03 tex:35747 mv:12760 misc:2941 imb:846 pmb:971 smb:2311 d:s ref:0 ;
in:164 out:164 type:B dur:2 cpbdur:2 q:39.05 aq:37.42 tex:13088 mv:7987 misc:2029 imb:215 pmb:638 smb:3275 d:t ref:0 ;
in:163 out:165 type:b dur:2 cpbdur:2 q:39.01 aq:39.66 tex:10608 mv:6366 misc:1426 imb:177 pmb:473 smb:3478 d:s ref:0 ;
in:165 out:166 type:b dur:2 cpbdur:2 q:39.09 aq:37.14 tex:10847 mv:5066 misc:1391 imb:156 pmb:462 smb:3510 d:- ref:0 ;
in:170 out:167 type:P dur:2 cpbdur:2 q:39.10 aq:34.86 tex:32118 mv:11822 misc:3036 imb:766 pmb:962 smb:2400 d:s ref:0 ;
in:168 out:168 type:B dur:2 cpbdur:2 q:39.12 aq:37.91 tex:14262 mv:6772 misc:1990 imb:190 pmb:573 smb:3365 d:s ref:0 ;
in:167 out:169 type:b dur:2 cpbdur:2 q:39.13 aq:33.96 tex:7424 mv:4140 misc:1340 imb:107 pmb:388 smb:3633 d:s ref:0 ;
in:169 out:170 type:b dur:2 cpbdur:2 q:39.11 aq:40.13 tex:7841 mv:4059 misc:1356 imb:104 pmb:380 smb:3644 d:- ref:0 ;
in:174 out:171 type:P dur:2 cpbdur:2 q:39.10 aq:35.02 tex:25811 mv:10566 misc:2807 imb:667 pmb:815 smb:2646 d:s ref:0 ;
in:172 out:172 type:B dur:2 cpbdur:2 q:39.10 aq:37.48 tex:9821 mv:5766 misc:1805 imb:131 pmb:531 smb:3466 d:s ref:0 ;
in:171 out:173 type:b dur:2 cpbdur:2 q:39.10 aq:40.36 tex:7598 mv:3944 misc:1386 imb:106 pmb:380 smb:3642 d:s ref:0 ;
in:173 out:174 type:b dur:2 cpbdur:2 q:39.10 aq:39.93 tex:5463 mv:3490 misc:1159 imb:75 pmb:332 smb:3721 d:- ref:0 ;
in:178 out:175 type:P dur:2 cpbdur:2 q:39.00 aq:33.88 tex:23680 mv:10616 misc:2928 imb:694 pmb:800 smb:2634 d:s ref:0 w:7,127,0 ;
in:176 out:176 type:B dur:2 cpbdur:2 q:39.05 aq:37.33 tex:8217 mv:5526 misc:1817 imb:115 pmb:509 smb:3504 d:t ref:0 ;
in:175 out:177 type:b dur:2 cpbdur:2 q:39.08 aq:37.34 tex:5966 mv:3633 misc:1161 imb:103 pmb:321 smb:3704 d:s ref:0 ;
in:177 out:178 type:b dur:2 cpbdur:2 q:39.03 aq:38.68 tex:4972 mv:2507 misc:1105 imb:50 pmb:290 smb:3788 d:- ref:0 ;
in:182 out:179 type:P dur:2 cpbdur:2 q:38.98 aq:35.52 tex:26320 mv:11409 misc:2791 imb:794 pmb:837 smb:2497 d:s ref:0 ;
in:180 out:180 type:B dur:2 cpbdur:2 q:38.99 aq:36.95 tex:7503 mv:6085 misc:2028 imb:123 pmb:555 smb:3450 d:s ref:0 ;
in:179 out:181 type:b dur:2 cpbdur:2 q:39.00 aq:39.04 tex:7693 mv:3912 misc:1339 imb:140 pmb:337 smb:3651 d:s ref:0 ;
in:181 out:182 type:b dur:2 cpbdur:2 q:38.99 aq:40.30 tex:8198 mv:4098 misc:1312 imb:133 pmb:372 smb:3623 d:- ref:0 ;
in:186 out:183 type:P dur:2 cpbdur:2 q:38.89 aq:35.02 tex:56711 mv:17750 misc:2523 imb:1390 pmb:1470 smb:1268 d:s ref:0 w:0,1,-7 ;
in:184 out:184 type:B dur:2 cpbdur:2 q:38.94 aq:36.62 tex:12773 mv:7801 misc:2050 imb:229 pmb:616 smb:3283 d:t ref:0 ;
in:183 out:185 type:b dur:2 cpbdur:2 q:38.96 aq:37.99 tex:8121 mv:4782 misc:1193 imb:135 pmb:381 smb:3612 d:s ref:0 ;
in:185 out:186 type:b dur:2 cpbdur:2 q:38.92 aq:39.32 tex:9260 mv:4782 misc:1382 imb:170 pmb:362 smb:3596 d:- ref:0 ;
in:187 out:187 type:P dur:2 cpbdur:2 q:38.89 aq:34.39 tex:43999 mv:14677 misc:3292 imb:1004 pmb:1625 smb:1499 d:s ref:0 w:6,65,-6 ;
in:191 out:188 type:P dur:2 cpbdur:2 q:38.93 aq:34.64 tex:61648 mv:19104 misc:2544 imb:1571 pmb:1725 smb:832 d:s ref:0 w:6,65,-8 ;
in:189 out:189 type:B dur:2 cpbdur:2 q:38.91 aq:36.42 tex:8658 mv:6653 misc:2393 imb:138 pmb:637 smb:3353 d:s ref:0 ;
in:188 out:190 type:b dur:2 cpbdur:2 q:38.90 aq:37.28 tex:6451 mv:3969 misc:1316 imb:193 pmb:313 smb:3622 d:s ref:0 ;
in:190 out:191 type:b dur:2 cpbdur:2 q:38.92 aq:40.01 tex:5706 mv:3620 misc:1282 imb:122 pmb:304 smb:3702 d:- ref:0 ;
in:195 out:192 type:P dur:2 cpbdur:2 q:38.89 aq:35.73 tex:24157 mv:11407 misc:3276 imb:611 pmb:1126 smb:2391 d:s ref:0 ;
in:193 out:193 type:B dur:2 cpbdur:2 q:38.91 aq:35.84 tex:9356 mv:6300 misc:1960 imb:200 pmb:508 smb:3420 d:t ref:0 ;
in:192 out:194 type:b dur:2 cpbdur:2 q:38.92 aq:38.84 tex:4661 mv:3450 misc:1313 imb:78 pmb:308 smb:3742 d:s ref:0 ;
in:194 out:195 type:b dur:2 cpbdur:2 q:38.90 aq:42.86 tex:5726 mv:2960 misc:1130 imb:75 pmb:292 smb:3761 d:- ref:0 ;
in:199 out:196 type:P dur:2 cpbdur:2 q:38.97 aq:34.87 tex:52889 mv:18127 misc:2760 imb:1268 pmb:1735 smb:1125 d:s ref:0 w:5,33,-8 ;
in:197 out:197 type:B dur:2 cpbdur:2 q:38.93 aq:35.81 tex:7909 mv:6395 misc:2128 imb:173 pmb:548 smb:3407 d:t ref:0 ;
in:196 out:198 type:b dur:2 cpbdur:2 q:38.91 aq:36.64 tex:5028 mv:3416 misc:1388 imb:88 pmb:334 smb:3706 d:s ref:0 ;
in:198 out:199 type:b dur:2 cpbdur:2 q:38.95 aq:37.93 tex:4758 mv:3280 misc:1218 imb:104 pmb:303 smb:3721 d:- ref:0 ;
in:203 out:200 type:P dur:2 cpbdur:2 q:39.24 aq:35.71 tex:37050 mv:14757 misc:3193 imb:1129 pmb:1255 smb:1744 d:s ref:0 w:0,1,-3 ;
in:201 out:201 type:B dur:2 cpbdur:2 q:39.11 aq:37.12 tex:6220 mv:5778 misc:1962 imb:136 pmb:498 smb:3494 d:t ref:0 ;
in:200 out:202 type:b dur:2 cpbdur:2 q:39.04 aq:36.98 tex:4300 mv:2914 misc:1130 imb:83 pmb:287 smb:3758 d:s ref:0 ;
in:202 out:203 type:b dur:2 cpbdur:2 q:39.17 aq:37.44 tex:3773 mv:3418 misc:1297 imb:89 pmb:303 smb:3736 d:- ref:0 ;
in:207 out:204 type:P dur:2 cpbdur:2 q:39.14 aq:34.87 tex:74035 mv:19842 misc:1923 imb:2481 pmb:1122 smb:525 d:s ref:0 w:5,33,-12 ;
in:205 out:205 type:B dur:2 cpbdur:2 q:39.19 aq:36.53 tex:7434 mv:6223 misc:2623 imb:154 pmb:665 smb:3309 d:s ref:0 ;
in:204 out:206 type:b dur:2 cpbdur:2 q:39.21 aq:34.90 tex:3743 mv:3069 misc:1164 imb:100 pmb:248 smb:3780 d:s ref:0 ;
in:206 out:207 type:b dur:2 cpbdur:2 q:39.16 aq:38.93 tex:2575 mv:2742 misc:1203 imb:76 pmb:244 smb:3808 d:- ref:0 ;
in:209 out:208 type:P dur:2 cpbdur:2 q:39.20 aq:34.14 tex:18034 mv:8778 misc:3244 imb:871 pmb:649 smb:2608 d:s ref:0 w:7,127,-1 ;
in:208 out:209 type:b dur:2 cpbdur:2 q:39.17 aq:35.11 tex:3932 mv:3704 misc:1556 imb:143 pmb:289 smb:3696 d:t ref:0 ;
in:213 out:210 type:P dur:2 cpbdur:2 q:39.19 aq:35.31 tex:154557 mv:18065 misc:1098 imb:3330 pmb:602 smb:196 d:s ref:0 w:6,43,42 ;
in:211 out:211 type:B dur:2 cpbdur:2 q:39.20 aq:37.49 tex:9856 mv:5470 misc:1778 imb:273 pmb:410 smb:3445 d:s ref:0 ;
in:210 out:212 type:b dur:2 cpbdur:2 q:39.20 aq:36.77 tex:5041 mv:3759 misc:1424 imb:210 pmb:284 smb:3634 d:s ref:0 ;
in:212 out:213 type:b dur:2 cpbdur:2 q:39.19 aq:38.26 tex:7280 mv:3922 misc:1182 imb:183 pmb:275 smb:3670 d:- ref:0 ;
in:216 out:214 type:P dur:2 cpbdur:2 q:39.53 aq:31.28 tex:242046 mv:19950 misc:476 imb:2965 pmb:1158 smb:5 d:s ref:0 w:7,125,14 ;
in:214 out:215 type:B dur:2 cpbdur:2 q:39.30 aq:38.79 tex:9419 mv:4455 misc:1078 imb:149 pmb:302 smb:3677 d:s ref:0 ;
in:215 out:216 type:b dur:2 cpbdur:2 q:39.42 aq:37.86 tex:8402 mv:4769 misc:925 imb:126 pmb:277 smb:3725 d:- ref:0 ;
in:220 out:217 type:P dur:2 cpbdur:2 q:40.26 aq:34.14 tex:20851 mv:5723 misc:2002 imb:321 pmb:550 smb:3257 d:s ref:0 ;
in:218 out:218 type:B dur:2 cpbdur:2 q:39.89 aq:40.65 tex:11152 mv:5123 misc:981 imb:99 pmb:342 smb:3687 d:s ref:0 ;
in:217 out:219 type:b dur:2 cpbdur:2 q:39.71 aq:41.90 tex:9530 mv:4250 misc:804 imb:94 pmb:280 smb:3754 d:s ref:0 ;
in:219 out:220 type:b dur:2 cpbdur:2 q:40.08 aq:44.94 tex:8315 mv:4207 misc:734 imb:84 pmb:257 smb:3787 d:- ref:0 ;
in:224 out:221 type:P dur:2 cpbdur:2 q:40.04 aq:34.88 tex:26699 mv:6255 misc:2358 imb:351 pmb:704 smb:3073 d:s ref:0 ;
in:222 out:222 type:B dur:2 cpbdur:2 q:40.15 aq:36.74 tex:9400 mv:4993 misc:943 imb:122 pmb:327 smb:3679 d:s ref:0 ;
in:221 out:223 type:b dur:2 cpbdur:2 q:40.20 aq:41.79 tex:8101 mv:4372 misc:783 imb:80 pmb:288 smb:3760 d:s ref:0 ;
in:223 out:224 type:b dur:2 cpbdur:2 q:40.09 aq:40.73 tex:8287 mv:3998 misc:779 imb:101 pmb:251 smb:3776 d:- ref:0 ;
in:228 out:225 type:P dur:2 cpbdur:2 q:40.10 aq:34.41 tex:19755 mv:5295 misc:1870 imb:334 pmb:467 smb:3327 d:s ref:0 ;
in:226 out:226 type:B dur:2 cpbdur:2 q:40.07 aq:38.14 tex:9980 mv:4927 misc:981 imb:126 pmb:324 smb:3678 d:s ref:0 ;
in:225 out:227 type:b dur:2 cpbdur:2 q:40.06 aq:38.47 tex:9264 mv:3603 misc:765 imb:110 pmb:229 smb:3789 d:s ref:0 ;
in:227 out:228 type:b dur:2 cpbdur:2 q:40.09 aq:42.47 tex:8313 mv:4250 misc:877 imb:104 pmb:279 smb:3745 d:- ref:0 ;
in:232 out:229 type:P dur:2 cpbdur:2 q:40.23 aq:35.12 tex:22293 mv:5880 misc:2203 imb:365 pmb:602 smb:3161 d:s ref:0 ;
in:230 out:230 type:B dur:2 cpbdur:2 q:40.17 aq:39.84 tex:8801 mv:4933 misc:1042 imb:137 pmb:319 smb:3672 d:s ref:0 ;
in:229 out:231 type:b dur:2 cpbdur:2 q:40.14 aq:40.79 tex:7456 mv:3648 misc:848 imb:101 pmb:256 smb:3771 d:s ref:0 ;
in:231 out:232 type:b dur:2 cpbdur:2 q:40.20 aq:41.19 tex:7943 mv:3631 misc:778 imb:83 pmb:255 smb:3790 d:- ref:0 ;
in:236 out:233 type:P dur:2 cpbdur:2 q:40.21 aq:33.33 tex:18636 mv:5180 misc:1728 imb:394 pmb:412 smb:3322 d:s ref:0 ;
in:234 out:234 type:B dur:2 cpbdur:2 q:40.22 aq:39.84 tex:9527 mv:5486 misc:1083 imb:112 pmb:354 smb:3662 d:s ref:0 ;
in:233 out:235 type:b dur:2 cpbdur:2 q:40.22 aq:39.81 tex:8191 mv:4099 misc:870 imb:100 pmb:264 smb:3764 d:s ref:0 ;
in:235 out:236 type:b dur:2 cpbdur:2 q:40.21 aq:41.50 tex:8653 mv:4246 misc:805 imb:72 pmb:290 smb:3766 d:- ref:0 ;
in:240 out:237 type:P dur:2 cpbdur:2 q:39.98 aq:31.89 tex:26625 mv:5970 misc:2333 imb:499 pmb:600 smb:3029 d:s ref:0 ;
in:238 out:238 type:B dur:2 cpbdur:2 q:40.09 aq:40.45 tex:10079 mv:5822 misc:1179 imb:140 pmb:376 smb:3612 d:s ref:0 ;
in:237 out:239 type:b dur:2 cpbdur:2 q:40.15 aq:42.02 tex:9089 mv:3935 misc:888 imb:94 pmb:276 smb:3758 d:s ref:0 ;
in:239 out:240 type:b dur:2 cpbdur:2 q:40.04 aq:40.96 tex:8610 mv:4273 misc:885 imb:104 pmb:271 smb:3753 d:- ref:0 ;
in:244 out:241 type:P dur:2 cpbdur:2 q:39.92 aq:33.40 tex:20435 mv:5785 misc:1612 imb:431 pmb:393 smb:3304 d:s ref:0 ;
in:242 out:242 type:B dur:2 cpbdur:2 q:39.95 aq:37.28 tex:11037 mv:5729 misc:1058 imb:148 pmb:359 smb:3621 d:s ref:0 ;
in:241 out:243 type:b dur:2 cpbdur:2 q:39.97 aq:40.98 tex:9626 mv:4282 misc:804 imb:94 pmb:287 smb:3747 d:s ref:0 ;
in:243 out:244 type:b dur:2 cpbdur:2 q:39.93 aq:40.84 tex:9060 mv:4897 misc:851 imb:117 pmb:282 smb:3729 d:- ref:0 ;
in:248 out:245 type:P dur:2 cpbdur:2 q:39.77 aq:33.43 tex:20929 mv:5840 misc:1927 imb:441 pmb:466 smb:3221 d:s ref:0 ;
in:246 out:246 type:B dur:2 cpbdur:2 q:39.84 aq:38.01 tex:11416 mv:5450 misc:1150 imb:137 pmb:367 smb:3624 d:s ref:0 ;
in:245 out:247 type:b dur:2 cpbdur:2 q:39.88 aq:38.54 tex:8729 mv:4569 misc:934 imb:101 pmb:297 smb:3730 d:s ref:0 ;
in:247 out:248 type:b dur:2 cpbdur:2 q:39.81 aq:39.42 tex:7672 mv:3837 misc:819 imb:99 pmb:245 smb:3784 d:- ref:0 ;
in:249 out:249 type:P dur:2 cpbdur:2 q:39.75 aq:38.96 tex:10057 mv:3690 misc:1077 imb:192 pmb:231 smb:3705 d:s ref:0 ;
in:250 out:250 type:I dur:2 cpbdur:2 q:36.93 aq:29.12 tex:265925 mv:92172 misc:519 imb:4128 pmb:0 smb:0 d:s ref:;
in:254 out:251 type:P dur:2 cpbdur:2 q:40.96 aq:37.43 tex:14395 mv:4477 misc:1072 imb:369 pmb:236 smb:3523 d:s ref:0 ;
in:252 out:252 type:B dur:2 cpbdur:2 q:40.96 aq:39.30 tex:7803 mv:4714 misc:1043 imb:140 pmb:294 smb:3694 d:s ref:0 ;
in:251 out:253 type:b dur:2 cpbdur:2 q:40.96 aq:41.29 tex:6230 mv:3751 misc:779 imb:87 pmb:241 smb:3800 d:s ref:0 ;
in:253 out:254 type:b dur:2 cpbdur:2 q:40.96 aq:42.66 tex:6299 mv:3600 misc:629 imb:84 pmb:204 smb:3840 d:- ref:0 ;
in:258 out:255 type:P dur:2 cpbdur:2 q:40.81 aq:36.87 tex:14587 mv:4505 misc:1092 imb:366 pmb:261 smb:3501 d:s ref:0 ;
in:256 out:256 type:B dur:2 cpbdur:2 q:40.89 aq:39.35 tex:8324 mv:4691 misc:945 imb:114 pmb:299 smb:3715 d:s ref:0 ;
in:255 out:257 type:b dur:2 cpbdur:2 q:40.92 aq:40.64 tex:6841 mv:3963 misc:788 imb:105 pmb:242 smb:3781 d:s ref:0 ;
in:257 out:258 type:b dur:2 cpbdur:2 q:40.85 aq:37.66 tex:6470 mv:3790 misc:716 imb:111 pmb:216 smb:3801 d:- ref:0 ;
in:262 out:259 type:P dur:2 cpbdur:2 q:40.74 aq:36.49 tex:15970 mv:4417 misc:1133 imb:336 pmb:287 smb:3505 d:s ref:0 ;
in:260 out:260 type:B dur:2 cpbdur:2 q:40.78 aq:39.06 tex:8838 mv:4968 misc:1026 imb:128 pmb:323 smb:3677 d:t ref:0 ;
in:259 out:261 type:b dur:2 cpbdur:2 q:40.80 aq:40.38 tex:7654 mv:4122 misc:720 imb:111 pmb:237 smb:3780 d:s ref:0 ;
in:261 out:262 type:b dur:2 cpbdur:2 q:40.76 aq:39.47 tex:7727 mv:4166 misc:755 imb:94 pmb:252 smb:3782 d:- ref:0 ;
in:266 out:263 type:P dur:2 cpbdur:2 q:40.44 aq:36.87 tex:16282 mv:4554 misc:972 imb:337 pmb:266 smb:3525 d:s ref:0 ;
in:264 out:264 type:B dur:2 cpbdur:2 q:40.59 aq:40.51 tex:8818 mv:4954 misc:884 imb:116 pmb:310 smb:3702 d:s ref:0 ;
in:263 out:265 type:b dur:2 cpbdur:2 q:40.67 aq:39.22 tex:7997 mv:3564 misc:711 imb:75 pmb:246 smb:3807 d:s ref:0 ;
in:265 out:266 type:b dur:2 cpbdur:2 q:40.52 aq:39.05 tex:9868 mv:3883 misc:681 imb:87 pmb:246 smb:3795 d:- ref:0 ;
in:270 out:267 type:P dur:2 cpbdur:2 q:40.25 aq:36.64 tex:13628 mv:4057 misc:971 imb:295 pmb:243 smb:3590 d:s ref:0 ;
in:268 out:268 type:B dur:2 cpbdur:2 q:40.34 aq:39.44 tex:9764 mv:4452 misc:856 imb:126 pmb:274 smb:3728 d:t ref:0 ;
in:267 out:269 type:b dur:2 cpbdur:2 q:40.39 aq:40.46 tex:8659 mv:3842 misc:683 imb:104 pmb:233 smb:3791 d:s ref:0 ;
in:269 out:270 type:b dur:2 cpbdur:2 q:40.30 aq:40.78 tex:7654 mv:3859 misc:639 imb:100 pmb:206 smb:3822 d:- ref:0 ;
in:274 out:271 type:P dur:2 cpbdur:2 q:40.09 aq:37.33 tex:16581 mv:4049 misc:986 imb:306 pmb:251 smb:3571 d:s ref:0 ;
in:272 out:272 type:B dur:2 cpbdur:2 q:40.17 aq:39.80 tex:9118 mv:4736 misc:882 imb:117 pmb:278 smb:3733 d:t ref:0 ;
in:271 out:273 type:b dur:2 cpbdur:2 q:40.21 aq:42.31 tex:7887 mv:3548 misc:725 imb:99 pmb:219 smb:3810 d:s ref:0 ;
in:273 out:274 type:b dur:2 cpbdur:2 q:40.13 aq:38.18 tex:8174 mv:3700 misc:678 imb:121 pmb:197 smb:3810 d:- ref:0 ;
in:278 out:275 type:P dur:2 cpbdur:2 q:39.94 aq:34.49 tex:14608 mv:4237 misc:1027 imb:307 pmb:261 smb:3560 d:s ref:0 ;
in:276 out:276 type:B dur:2 cpbdur:2 q:40.01 aq:38.81 tex:8957 mv:4359 misc:820 imb:122 pmb:260 smb:3746 d:t ref:0 ;
in:275 out:277 type:b dur:2 cpbdur:2 q:40.05 aq:38.73 tex:7452 mv:3276 misc:584 imb:94 pmb:198 smb:3836 d:s ref:0 ;
in:277 out:278 type:b dur:2 cpbdur:2 q:39.98 aq:39.56 tex:7593 mv:3652 misc:659 imb:86 pmb:231 smb:3811 d:- ref:0 ;
in:282 out:279 type:P dur:2 cpbdur:2 q:39.86 aq:36.63 tex:13324 mv:3779 misc:921 imb:283 pmb:218 smb:3627 d:s ref:0 ;
in:280 out:280 type:B dur:2 cpbdur:2 q:39.90 aq:40.36 tex:9919 mv:4483 misc:878 imb:118 pmb:271 smb:3739 d:t ref:0 ;
in:279 out:281 type:b dur:2 cpbdur:2 q:39.92 aq:40.28 tex:6838 mv:3621 misc:637 imb:89 pmb:216 smb:3823 d:s ref:0 ;
in:281 out:282 type:b dur:2 cpbdur:2 q:39.88 aq:40.09 tex:7969 mv:3625 misc:694 imb:94 pmb:212 smb:3822 d:- ref:0 ;
in:285 out:283 type:P dur:2 cpbdur:2 q:39.69 aq:41.05 tex:12217 mv:3237 misc:778 imb:268 pmb:162 smb:3698 d:s ref:0 ;
in:283 out:284 type:B dur:2 cpbdur:2 q:39.80 aq:40.48 tex:8885 mv:3511 misc:764 imb:94 pmb:233 smb:3801 d:s ref:0 ;
in:284 out:285 type:b dur:2 cpbdur:2 q:39.74 aq:39.64 tex:7907 mv:3680 misc:693 imb:98 pmb:215 smb:3815 d:- ref:0 ;
